183.195.81.201 www.wengmq.top image/png [07/Jun/2022:08:23:58 +0800] "GET https://www.wengmq.top/c/wap/images/xcx/wx/yysz-ic@3.png HTTP/1.1" 200 46011 https://servicewechat.com/ Mozilla/5.0+(iPhone;+CPU+iPhone+OS+15_1+like+Mac+OS+X)+AppleWebKit/605.1.15+(KHTML,+like+Gecko)+Mobile/15E148+MicroMessenger/8.0.23(0x18001725)+NetType/WIFI+Language/zh_CN
120.244.238.134 www.wengmq.top image/png [07/Jun/2022:08:23:59 +0800] "GET https://www.wengmq.top/c/wap/images/xcx/rank_bg.png HTTP/1.1" 200 72668 https://servicewechat.com/wxc2edadc87077fa2a/155/page-frame.html Mozilla/5.0+(Linux;+Android+10;+ANA-AN00+Build/HUAWEIANA-AN00;+wv)+AppleWebKit/537.36+(KHTML,+like+Gecko)+Version/4.0+Chrome/86.0.4240.99+XWEB/4233+MMWEBSDK/20220505+Mobile+Safari/537.36+MMWEBID/8227+MicroMessenger/8.0.23.2160(0x280017E7)+WeChat/arm64+Weixin+NetType/WIFI+Language/zh_CN+ABI/arm64+MiniProgramEnv/android
60.24.72.28 www.wengmq.top image/jpeg [07/Jun/2022:08:24:00 +0800] "GET https://www.wengmq.top/c/product/258201/800_mid/z_1.jpg?t=1654561421352 HTTP/1.1" 200 67090 - Dart/2.14+(dart:io)
58.132.209.147 www.wengmq.top image/png [07/Jun/2022:08:24:01 +0800] "GET https://www.wengmq.top/c/wap/images/ddky2/cart2.png HTTP/1.1" 200 1930 https://m.ddky.com/ Mozilla/5.0+(iPhone;+CPU+iPhone+OS+15_5+like+Mac+OS+X)+AppleWebKit/605.1.15+(KHTML,+like+Gecko)+Mobile/15E148+IqiyiApp/iqiyi+IqiyiVersion/13.5.2++IqiyiPlatform/2_22_221+WebVersion/QYWebContainer+QYStyleModel/(light)
163.125.201.93 www.wengmq.top image/jpeg [07/Jun/2022:08:23:57 +0800] "GET https://www.wengmq.top/c/cms/temp/20201214/1607939619086_120_120.jpg HTTP/1.1" 200 7517 https://servicewechat.com/wxc2edadc87077fa2a/155/page-frame.html Mozilla/5.0+(Linux;+Android+10;+M2006C3LC+Build/QP1A.190711.020;+wv)+AppleWebKit/537.36+(KHTML,+like+Gecko)+Version/4.0+Chrome/86.0.4240.99+XWEB/3224+MMWEBSDK/20210902+Mobile+Safari/537.36+MMWEBID/4210+MicroMessenger/8.0.15.2020(0x28000F3C)+Process/appbrand0+WeChat/arm32+Weixin+NetType/WIFI+Language/zh_CN+ABI/arm32+MiniProgramEnv/android
223.104.68.123 www.wengmq.top image/jpeg [07/Jun/2022:08:24:00 +0800] "GET https://www.wengmq.top/c/cms/temp/20220602/1654155854040_1125_360.jpg HTTP/1.1" 200 84955 - Dalvik/2.1.0+(Linux;+U;+Android+11;+ANY-AN00+Build/HONORANY-AN00)
125.117.94.221 www.wengmq.top image/jpeg [07/Jun/2022:08:23:57 +0800] "GET https://www.wengmq.top/c/cms/temp/20201214/1607940535528_120_120.jpg HTTP/1.1" 200 6098 https://2018050302628136.hybrid.alipay-eco.com/index.html Mozilla/5.0+(Linux;+U;+Android+11;+zh-CN;+V2072A+Build/RP1A.200720.012)+AppleWebKit/537.36+(KHTML,+like+Gecko)+Version/4.0+Chrome/69.0.3497.100+UWS/3.22.2.43+Mobile+Safari/537.36+UCBS/3.22.2.43_220223200704+NebulaSDK/1.8.100112+Nebula+AlipayDefined(nt:WIFI,ws:360|0|3.0,ac:sp)+AliApp(AP/10.2.64.5000)+AlipayClient/10.2.64.5000+Language/zh-Hans+useStatusBar/true+isConcaveScreen/false+Region/CNAriver/1.0.0
114.244.0.200 www.wengmq.top image/jpeg [07/Jun/2022:08:24:01 +0800] "GET https://www.wengmq.top/c/product/117272/small/z_1.jpg?t=1654561441976 HTTP/1.1" 200 11211 - Dart/2.14+(dart:io)
116.30.231.216 www.wengmq.top image/png [07/Jun/2022:08:23:58 +0800] "GET https://www.wengmq.top/c/wap/images/ddky2/oval_icon.png HTTP/1.1" 200 1401 https://servicewechat.com/wxc2edadc87077fa2a/155/page-frame.html Mozilla/5.0+(Linux;+Android+10;+SEA-AL10+Build/HUAWEISEA-AL10;+wv)+AppleWebKit/537.36+(KHTML,+like+Gecko)+Version/4.0+Chrome/86.0.4240.99+XWEB/3225+MMWEBSDK/20220505+Mobile+Safari/537.36+MMWEBID/3085+MicroMessenger/8.0.23.2160(0x2800173B)+WeChat/arm64+Weixin+NetType/WIFI+Language/zh_CN+ABI/arm64+MiniProgramEnv/android
125.117.94.221 www.wengmq.top image/png [07/Jun/2022:08:23:58 +0800] "GET https://www.wengmq.top/c/index/cateicon/24.png HTTP/1.1" 200 5143 https://2018050302628136.hybrid.alipay-eco.com/index.html Mozilla/5.0+(Linux;+U;+Android+11;+zh-CN;+V2072A+Build/RP1A.200720.012)+AppleWebKit/537.36+(KHTML,+like+Gecko)+Version/4.0+Chrome/69.0.3497.100+UWS/3.22.2.43+Mobile+Safari/537.36+UCBS/3.22.2.43_220223200704+NebulaSDK/1.8.100112+Nebula+AlipayDefined(nt:WIFI,ws:360|0|3.0,ac:sp)+AliApp(AP/10.2.64.5000)+AlipayClient/10.2.64.5000+Language/zh-Hans+useStatusBar/true+isConcaveScreen/false+Region/CNAriver/1.0.0
36.112.184.8 www.wengmq.top image/jpeg [07/Jun/2022:08:23:58 +0800] "GET https://www.wengmq.top/c/cms/temp/20210225/1614246462444_216_252.jpg HTTP/1.1" 200 4377 - DingDangShopAppStore/6.5.0+(iPhone;+iOS+15.4.1;+Scale/3.00)
101.87.36.119 www.wengmq.top image/png [07/Jun/2022:08:23:57 +0800] "GET https://www.wengmq.top/c/cms/appImg/priceinstructionnew1_1125_1395.png HTTP/1.1" 200 101973 https://servicewechat.com/wxc2edadc87077fa2a/155/page-frame.html Mozilla/5.0+(Linux;+Android+10;+TAS-AN00+Build/HUAWEITAS-AN00;+wv)+AppleWebKit/537.36+(KHTML,+like+Gecko)+Version/4.0+Chrome/86.0.4240.99+XWEB/3225+MMWEBSDK/20220505+Mobile+Safari/537.36+MMWEBID/5406+MicroMessenger/8.0.23.2160(0x2800173B)+WeChat/arm64+Weixin+NetType/WIFI+Language/zh_CN+ABI/arm64+MiniProgramEnv/android
27.200.209.222 www.wengmq.top image/jpeg [07/Jun/2022:08:23:57 +0800] "GET http://www.wengmq.top/c/comment/10234501/45b6209f-af0e-42cf-b430-31cff5b11c51.jpg HTTP/1.1" 200 144728 - Dalvik/2.1.0+(Linux;+U;+Android+10;+LIO-AL00+Build/HUAWEILIO-AL00)
36.112.184.8 www.wengmq.top image/jpeg [07/Jun/2022:08:23:58 +0800] "GET https://www.wengmq.top/c/cms/temp/20220606/1654482193588_1080_918.jpg HTTP/1.1" 200 132402 - DingDangShopAppStore/6.5.0+(iPhone;+iOS+15.4.1;+Scale/3.00)
27.200.209.222 www.wengmq.top image/png [07/Jun/2022:08:23:58 +0800] "GET http://www.wengmq.top/c/user/photo/zu-18@2x.png HTTP/1.1" 200 11902 - Dalvik/2.1.0+(Linux;+U;+Android+10;+LIO-AL00+Build/HUAWEILIO-AL00)
36.112.184.8 www.wengmq.top image/jpeg [07/Jun/2022:08:23:58 +0800] "GET https://www.wengmq.top/c/cms/temp/20220218/1645183104194_120_120.jpg HTTP/1.1" 200 21979 - DingDangShopAppStore/6.5.0+(iPhone;+iOS+15.4.1;+Scale/3.00)
123.123.220.24 www.wengmq.top image/jpeg [07/Jun/2022:08:24:00 +0800] "GET https://www.wengmq.top/c/cms/temp/20220506/1651847733363_180_180.jpg HTTP/1.1" 200 1418 https://servicewechat.com/wxc2edadc87077fa2a/155/page-frame.html Mozilla/5.0+(Linux;+Android+10;+AKA-AL10+Build/HONORAKA-AL10;+wv)+AppleWebKit/537.36+(KHTML,+like+Gecko)+Version/4.0+Chrome/86.0.4240.99+XWEB/3225+MMWEBSDK/20220402+Mobile+Safari/537.36+MMWEBID/2279+MicroMessenger/8.0.22.2140(0x28001657)+WeChat/arm64+Weixin+NetType/WIFI+Language/zh_CN+ABI/arm64+MiniProgramEnv/android
223.102.15.57 www.wengmq.top image/jpeg [07/Jun/2022:08:23:59 +0800] "GET https://www.wengmq.top/c/cms/temp/20220121/1642762878031_120_120.jpg HTTP/1.1" 200 22738 - Dalvik/2.1.0+(Linux;+U;+Android+11;+SHARK+KLE-A0+Build/KLEN2106230CN00MR0)
36.112.184.8 www.wengmq.top image/jpeg [07/Jun/2022:08:23:58 +0800] "GET https://www.wengmq.top/c/cms/temp/20220121/1642762811392_120_120.jpg HTTP/1.1" 200 19569 - DingDangShopAppStore/6.5.0+(iPhone;+iOS+15.4.1;+Scale/3.00)
223.102.15.57 www.wengmq.top image/jpeg [07/Jun/2022:08:23:59 +0800] "GET https://www.wengmq.top/c/cms/temp/20220414/1649916449090_216_252.jpg HTTP/1.1" 200 15134 - Dalvik/2.1.0+(Linux;+U;+Android+11;+SHARK+KLE-A0+Build/KLEN2106230CN00MR0)
123.123.220.24 www.wengmq.top image/png [07/Jun/2022:08:24:00 +0800] "GET https://www.wengmq.top/c/wap/images/xcx/mine_vip_tip.png HTTP/1.1" 200 1471 https://servicewechat.com/wxc2edadc87077fa2a/155/page-frame.html Mozilla/5.0+(Linux;+Android+10;+AKA-AL10+Build/HONORAKA-AL10;+wv)+AppleWebKit/537.36+(KHTML,+like+Gecko)+Version/4.0+Chrome/86.0.4240.99+XWEB/3225+MMWEBSDK/20220402+Mobile+Safari/537.36+MMWEBID/2279+MicroMessenger/8.0.22.2140(0x28001657)+WeChat/arm64+Weixin+NetType/WIFI+Language/zh_CN+ABI/arm64+MiniProgramEnv/android
36.112.184.8 www.wengmq.top image/jpeg [07/Jun/2022:08:23:58 +0800] "GET https://www.wengmq.top/c/cms/temp/20211102/1635837876876_216_252.jpg HTTP/1.1" 200 22197 - DingDangShopAppStore/6.5.0+(iPhone;+iOS+15.4.1;+Scale/3.00)
27.200.209.222 www.wengmq.top image/jpeg [07/Jun/2022:08:23:59 +0800] "GET http://www.wengmq.top/c/comment/10234501/bba38966-1014-41c9-bba9-49f0a92a82b1.jpg HTTP/1.1" 200 175953 - Dalvik/2.1.0+(Linux;+U;+Android+10;+LIO-AL00+Build/HUAWEILIO-AL00)
211.154.249.178 www.wengmq.top image/png [07/Jun/2022:08:24:00 +0800] "GET https://www.wengmq.top/c/cms/custom/toutiao50.png HTTP/1.1" 200 2019 - Dalvik/2.1.0+(Linux;+U;+Android+11;+RMX1901+Build/RKQ1.201217.002)
223.71.60.10 www.wengmq.top image/jpeg [07/Jun/2022:08:24:01 +0800] "GET https://www.wengmq.top/c/cms/temp/20210327/1616826566049_225_225.jpg HTTP/1.1" 200 4559 - DingDangShopAppStore/6.5.0+(iPhone;+iOS+15.4;+Scale/3.00)
211.154.249.178 www.wengmq.top image/jpeg [07/Jun/2022:08:24:01 +0800] "GET https://www.wengmq.top/c/cms/temp/20220602/1654164247060_1125_360.jpg HTTP/1.1" 200 140713 - Dalvik/2.1.0+(Linux;+U;+Android+11;+RMX1901+Build/RKQ1.201217.002)
139.226.59.81 www.wengmq.top image/jpeg [07/Jun/2022:08:23:59 +0800] "GET https://www.wengmq.top/c/cms/temp/20201217/1608182766912_120_120.jpg HTTP/1.1" 200 5615 https://servicewechat.com/wxc2edadc87077fa2a/155/page-frame.html Mozilla/5.0+(Linux;+Android+10;+MI+8+Build/QKQ1.190828.002;+wv)+AppleWebKit/537.36+(KHTML,+like+Gecko)+Version/4.0+Chrome/86.0.4240.99+XWEB/3225+MMWEBSDK/20220303+Mobile+Safari/537.36+MMWEBID/6786+MicroMessenger/8.0.21.2120(0x28001557)+Process/appbrand0+WeChat/arm64+Weixin+NetType/WIFI+Language/zh_CN+ABI/arm64+MiniProgramEnv/android
36.112.184.8 www.wengmq.top image/jpeg [07/Jun/2022:08:23:58 +0800] "GET https://www.wengmq.top/c/cms/temp/20220121/1642762830496_120_120.jpg HTTP/1.1" 200 23708 - DingDangShopAppStore/6.5.0+(iPhone;+iOS+15.4.1;+Scale/3.00)
120.244.238.134 www.wengmq.top image/jpeg [07/Jun/2022:08:23:57 +0800] "GET https://www.wengmq.top/c/cms/temp/20220527/1653648848763_540_504.jpg HTTP/1.1" 200 58808 https://servicewechat.com/wxc2edadc87077fa2a/155/page-frame.html Mozilla/5.0+(Linux;+Android+10;+ANA-AN00+Build/HUAWEIANA-AN00;+wv)+AppleWebKit/537.36+(KHTML,+like+Gecko)+Version/4.0+Chrome/86.0.4240.99+XWEB/4233+MMWEBSDK/20220505+Mobile+Safari/537.36+MMWEBID/8227+MicroMessenger/8.0.23.2160(0x280017E7)+WeChat/arm64+Weixin+NetType/WIFI+Language/zh_CN+ABI/arm64+MiniProgramEnv/android
120.245.116.214 www.wengmq.top image/jpeg [07/Jun/2022:08:24:01 +0800] "GET https://www.wengmq.top/c/cms/temp/20210327/1616826566049_225_225.jpg HTTP/1.1" 200 4559 - DingDangShopAppStore/6.5.0+(iPhone;+iOS+14.3;+Scale/3.00)
125.117.94.221 www.wengmq.top image/png [07/Jun/2022:08:23:58 +0800] "GET https://www.wengmq.top/c/index/cateicon/6-nkyy.png HTTP/1.1" 200 5868 https://2018050302628136.hybrid.alipay-eco.com/index.html Mozilla/5.0+(Linux;+U;+Android+11;+zh-CN;+V2072A+Build/RP1A.200720.012)+AppleWebKit/537.36+(KHTML,+like+Gecko)+Version/4.0+Chrome/69.0.3497.100+UWS/3.22.2.43+Mobile+Safari/537.36+UCBS/3.22.2.43_220223200704+NebulaSDK/1.8.100112+Nebula+AlipayDefined(nt:WIFI,ws:360|0|3.0,ac:sp)+AliApp(AP/10.2.64.5000)+AlipayClient/10.2.64.5000+Language/zh-Hans+useStatusBar/true+isConcaveScreen/false+Region/CNAriver/1.0.0
211.154.249.178 www.wengmq.top image/png [07/Jun/2022:08:24:00 +0800] "GET https://www.wengmq.top/c/cms/custom/toutiao50.png HTTP/1.1" 200 2019 - Dalvik/2.1.0+(Linux;+U;+Android+11;+RMX1901+Build/RKQ1.201217.002)
120.244.238.134 www.wengmq.top image/jpeg [07/Jun/2022:08:23:57 +0800] "GET https://www.wengmq.top/c/cms/temp/20220121/1642762667181_120_120.jpg HTTP/1.1" 200 24520 https://servicewechat.com/wxc2edadc87077fa2a/155/page-frame.html Mozilla/5.0+(Linux;+Android+10;+ANA-AN00+Build/HUAWEIANA-AN00;+wv)+AppleWebKit/537.36+(KHTML,+like+Gecko)+Version/4.0+Chrome/86.0.4240.99+XWEB/4233+MMWEBSDK/20220505+Mobile+Safari/537.36+MMWEBID/8227+MicroMessenger/8.0.23.2160(0x280017E7)+WeChat/arm64+Weixin+NetType/WIFI+Language/zh_CN+ABI/arm64+MiniProgramEnv/android
223.71.60.10 www.wengmq.top image/jpeg [07/Jun/2022:08:24:01 +0800] "GET https://www.wengmq.top/c/cms/temp/20220605/1654396218599_562_252.jpg HTTP/1.1" 200 57545 - DingDangShopAppStore/6.5.0+(iPhone;+iOS+15.4;+Scale/3.00)
223.104.41.184 www.wengmq.top image/png [07/Jun/2022:08:24:00 +0800] "GET https://www.wengmq.top/c/cms/custom/toutiao50.png HTTP/1.1" 200 2020 - Dalvik/2.1.0+(Linux;+U;+Android+12;+PEDM00+Build/RKQ1.211103.002)
139.226.59.81 www.wengmq.top image/jpeg [07/Jun/2022:08:23:59 +0800] "GET https://www.wengmq.top/c/cms/temp/20201214/1607941219972_120_120.jpg HTTP/1.1" 200 5200 https://servicewechat.com/wxc2edadc87077fa2a/155/page-frame.html Mozilla/5.0+(Linux;+Android+10;+MI+8+Build/QKQ1.190828.002;+wv)+AppleWebKit/537.36+(KHTML,+like+Gecko)+Version/4.0+Chrome/86.0.4240.99+XWEB/3225+MMWEBSDK/20220303+Mobile+Safari/537.36+MMWEBID/6786+MicroMessenger/8.0.21.2120(0x28001557)+Process/appbrand0+WeChat/arm64+Weixin+NetType/WIFI+Language/zh_CN+ABI/arm64+MiniProgramEnv/android
223.104.41.184 www.wengmq.top image/jpeg [07/Jun/2022:08:24:00 +0800] "GET https://www.wengmq.top/c/cms/temp/20220605/1654396218599_562_252.jpg HTTP/1.1" 200 57545 - Dalvik/2.1.0+(Linux;+U;+Android+12;+PEDM00+Build/RKQ1.211103.002)
27.200.209.222 www.wengmq.top image/jpeg [07/Jun/2022:08:23:58 +0800] "GET http://www.wengmq.top/c/comment/10234501/2f24c263-4091-4a9a-827a-14368f7a5f10.jpg HTTP/1.1" 200 193796 - Dalvik/2.1.0+(Linux;+U;+Android+10;+LIO-AL00+Build/HUAWEILIO-AL00)
27.200.209.222 www.wengmq.top image/jpeg [07/Jun/2022:08:23:58 +0800] "GET http://www.wengmq.top/c/comment/10234501/12e46a2f-1948-48a4-a83d-06e09ee1b6f3.jpg HTTP/1.1" 200 80309 - Dalvik/2.1.0+(Linux;+U;+Android+10;+LIO-AL00+Build/HUAWEILIO-AL00)
223.102.15.57 www.wengmq.top image/jpeg [07/Jun/2022:08:23:58 +0800] "GET https://www.wengmq.top/c/cms/temp/20220324/1648126677359_540_252.jpg HTTP/1.1" 200 70019 - Dalvik/2.1.0+(Linux;+U;+Android+11;+SHARK+KLE-A0+Build/KLEN2106230CN00MR0)
117.136.0.219 www.wengmq.top image/jpeg [07/Jun/2022:08:24:01 +0800] "GET https://www.wengmq.top/c/cms/temp/20210327/1616826566049_225_225.jpg HTTP/1.1" 200 4559 - DingDangShopAppStore/6.5.0+(iPhone;+iOS+15.5;+Scale/2.00)
120.244.238.134 www.wengmq.top image/jpeg [07/Jun/2022:08:23:58 +0800] "GET https://www.wengmq.top/c/cms/temp/20220218/1645183047891_120_120.jpg HTTP/1.1" 200 26703 https://servicewechat.com/wxc2edadc87077fa2a/155/page-frame.html Mozilla/5.0+(Linux;+Android+10;+ANA-AN00+Build/HUAWEIANA-AN00;+wv)+AppleWebKit/537.36+(KHTML,+like+Gecko)+Version/4.0+Chrome/86.0.4240.99+XWEB/4233+MMWEBSDK/20220505+Mobile+Safari/537.36+MMWEBID/8227+MicroMessenger/8.0.23.2160(0x280017E7)+WeChat/arm64+Weixin+NetType/WIFI+Language/zh_CN+ABI/arm64+MiniProgramEnv/android
27.200.209.222 www.wengmq.top image/png [07/Jun/2022:08:23:59 +0800] "GET http://www.wengmq.top/c/user/photo/zu-24@2x.png HTTP/1.1" 200 13436 - Dalvik/2.1.0+(Linux;+U;+Android+10;+LIO-AL00+Build/HUAWEILIO-AL00)
223.104.41.184 www.wengmq.top image/png [07/Jun/2022:08:24:00 +0800] "GET https://www.wengmq.top/c/cms/custom/toutiao50.png HTTP/1.1" 200 2020 - Dalvik/2.1.0+(Linux;+U;+Android+12;+PEDM00+Build/RKQ1.211103.002)
125.117.94.221 www.wengmq.top image/jpeg [07/Jun/2022:08:23:57 +0800] "GET https://www.wengmq.top/c/cms/temp/20201214/1607941286161_120_120.jpg HTTP/1.1" 200 5815 https://2018050302628136.hybrid.alipay-eco.com/index.html Mozilla/5.0+(Linux;+U;+Android+11;+zh-CN;+V2072A+Build/RP1A.200720.012)+AppleWebKit/537.36+(KHTML,+like+Gecko)+Version/4.0+Chrome/69.0.3497.100+UWS/3.22.2.43+Mobile+Safari/537.36+UCBS/3.22.2.43_220223200704+NebulaSDK/1.8.100112+Nebula+AlipayDefined(nt:WIFI,ws:360|0|3.0,ac:sp)+AliApp(AP/10.2.64.5000)+AlipayClient/10.2.64.5000+Language/zh-Hans+useStatusBar/true+isConcaveScreen/false+Region/CNAriver/1.0.0
124.126.179.70 www.wengmq.top image/png [07/Jun/2022:08:23:57 +0800] "GET https://www.wengmq.top/c/wap/images/xcx/icon-no-address.png?t=1 HTTP/1.1" 200 70795 https://servicewechat.com/ Mozilla/5.0+(iPhone;+CPU+iPhone+OS+15_2_1+like+Mac+OS+X)+AppleWebKit/605.1.15+(KHTML,+like+Gecko)+Mobile/15E148+MicroMessenger/8.0.22(0x18001629)+NetType/WIFI+Language/zh_CN
117.136.38.79 www.wengmq.top image/svg+xml [07/Jun/2022:08:23:58 +0800] "GET https://www.wengmq.top/c/cms/popactimg/search.svg HTTP/1.1" 200 2021 https://m.ddky.com/popIndex/index/popIndex.html?shopId=209999&suite=8 Mozilla/5.0+(Linux;+Android+10;+NOP-AN00+Build/HUAWEINOP-AN01P;+wv)+AppleWebKit/537.36+(KHTML,+like+Gecko)+Version/4.0+Chrome/88.0.4324.93+Mobile+Safari/537.36+ddky/android/6.5.0/10
223.102.15.57 www.wengmq.top image/jpeg [07/Jun/2022:08:23:59 +0800] "GET https://www.wengmq.top/c/cms/temp/20220121/1642762854843_120_120.jpg HTTP/1.1" 200 23347 - Dalvik/2.1.0+(Linux;+U;+Android+11;+SHARK+KLE-A0+Build/KLEN2106230CN00MR0)
223.104.3.237 www.wengmq.top image/png [07/Jun/2022:08:24:01 +0800] "GET https://www.wengmq.top/c/cms/custom/toutiao50.png HTTP/1.1" 200 2020 - Dalvik/2.1.0+(Linux;+U;+Android+7.1.2;+vivo+X9+Build/N2G47H)
183.195.81.201 www.wengmq.top image/png [07/Jun/2022:08:23:58 +0800] "GET https://www.wengmq.top/c/wap/images/xcx/seo/8.png HTTP/1.1" 200 225885 https://servicewechat.com/ Mozilla/5.0+(iPhone;+CPU+iPhone+OS+15_1+like+Mac+OS+X)+AppleWebKit/605.1.15+(KHTML,+like+Gecko)+Mobile/15E148+MicroMessenger/8.0.23(0x18001725)+NetType/WIFI+Language/zh_CN
27.200.209.222 www.wengmq.top image/jpeg [07/Jun/2022:08:24:00 +0800] "GET http://www.wengmq.top/c/comment/10234501/c39940ee-025e-4df7-8a5b-e40af94619a6.jpg HTTP/1.1" 200 207251 - Dalvik/2.1.0+(Linux;+U;+Android+10;+LIO-AL00+Build/HUAWEILIO-AL00)
139.226.59.81 www.wengmq.top image/png [07/Jun/2022:08:23:58 +0800] "GET https://www.wengmq.top/c/wap/images/xcx/wx/server_icon03.png HTTP/1.1" 200 1396 https://servicewechat.com/wxc2edadc87077fa2a/155/page-frame.html Mozilla/5.0+(Linux;+Android+10;+MI+8+Build/QKQ1.190828.002;+wv)+AppleWebKit/537.36+(KHTML,+like+Gecko)+Version/4.0+Chrome/86.0.4240.99+XWEB/3225+MMWEBSDK/20220303+Mobile+Safari/537.36+MMWEBID/6786+MicroMessenger/8.0.21.2120(0x28001557)+Process/appbrand0+WeChat/arm64+Weixin+NetType/WIFI+Language/zh_CN+ABI/arm64+MiniProgramEnv/android
1.203.67.218 www.wengmq.top image/png [07/Jun/2022:08:24:01 +0800] "GET https://www.wengmq.top/c/wap/images/ddky2/close_icon.png HTTP/1.1" 200 1546 https://m.ddky.com/ Mozilla/5.0+(iPhone;+CPU+iPhone+OS+15_5+like+Mac+OS+X)+AppleWebKit/605.1.15+(KHTML,+like+Gecko)+Mobile/15E148+IqiyiApp/iqiyi+IqiyiVersion/13.5.2++IqiyiPlatform/2_22_221+WebVersion/QYWebContainer+QYStyleModel/(light)
27.200.209.222 www.wengmq.top image/jpeg [07/Jun/2022:08:24:00 +0800] "GET http://www.wengmq.top/c/comment/10234501/f27d21db-6b33-40b9-9b47-54f5768c11d0.jpg HTTP/1.1" 200 46560 - Dalvik/2.1.0+(Linux;+U;+Android+10;+LIO-AL00+Build/HUAWEILIO-AL00)
119.122.88.225 www.wengmq.top image/jpeg [07/Jun/2022:08:23:59 +0800] "GET https://www.wengmq.top/c/cms/temp/20220221/1645427253594_216_216.jpg HTTP/1.1" 200 3573 - Dalvik/2.1.0+(Linux;+U;+Android+10;+V1921A+Build/QP1A.190711.020)
183.9.82.134 www.wengmq.top image/jpeg [07/Jun/2022:08:23:57 +0800] "GET http://www.wengmq.top/c/comment/10682301/2637dba7-8d9a-4df5-a3f1-777c719755ee.jpg HTTP/1.1" 200 269588 - Dalvik/2.1.0+(Linux;+U;+Android+12;+M2012K10C+Build/SP1A.210812.016)
183.195.81.146 www.wengmq.top image/jpeg [07/Jun/2022:08:23:58 +0800] "GET https://www.wengmq.top/c/cms/temp/20201214/1607939696106_120_120.jpg HTTP/1.1" 200 8126 - DingDangShopAppStore/6.1.1+(iPhone;+iOS+14.6;+Scale/3.00)
27.200.209.222 www.wengmq.top image/jpeg [07/Jun/2022:08:23:58 +0800] "GET http://www.wengmq.top/c/comment/10234501/e196af51-eee4-461d-9233-ee3fb2a3d4e2.jpg HTTP/1.1" 200 84315 - Dalvik/2.1.0+(Linux;+U;+Android+10;+LIO-AL00+Build/HUAWEILIO-AL00)
119.122.88.225 www.wengmq.top image/jpeg [07/Jun/2022:08:23:59 +0800] "GET https://www.wengmq.top/c/cms/temp/20220606/1654504402698_798_246.jpg HTTP/1.1" 200 161978 - Dalvik/2.1.0+(Linux;+U;+Android+10;+V1921A+Build/QP1A.190711.020)
101.82.183.111 www.wengmq.top image/png [07/Jun/2022:08:23:58 +0800] "GET https://www.wengmq.top/c/cms/appImg/defimage2.png HTTP/1.1" 200 21271 - DingDangShopAppStore/6.5.0+(iPhone;+iOS+15.5;+Scale/3.00)
116.238.5.31 www.wengmq.top image/jpeg [07/Jun/2022:08:23:58 +0800] "GET https://www.wengmq.top/c/product/576557/small/z_1.jpg?t=1619427968372 HTTP/1.1" 200 9877 - Dart/2.12+(dart:io)
211.154.249.178 www.wengmq.top image/jpeg [07/Jun/2022:08:24:00 +0800] "GET https://www.wengmq.top/c/cms/temp/20220602/1654156054870_1125_360.jpg HTTP/1.1" 200 125011 - Dalvik/2.1.0+(Linux;+U;+Android+11;+RMX1901+Build/RKQ1.201217.002)
139.226.59.81 www.wengmq.top image/jpeg [07/Jun/2022:08:23:58 +0800] "GET https://www.wengmq.top/c/cms/temp/20201214/1607940415046_120_120.jpg HTTP/1.1" 200 6067 https://servicewechat.com/wxc2edadc87077fa2a/155/page-frame.html Mozilla/5.0+(Linux;+Android+10;+MI+8+Build/QKQ1.190828.002;+wv)+AppleWebKit/537.36+(KHTML,+like+Gecko)+Version/4.0+Chrome/86.0.4240.99+XWEB/3225+MMWEBSDK/20220303+Mobile+Safari/537.36+MMWEBID/6786+MicroMessenger/8.0.21.2120(0x28001557)+Process/appbrand0+WeChat/arm64+Weixin+NetType/WIFI+Language/zh_CN+ABI/arm64+MiniProgramEnv/android
211.154.249.178 www.wengmq.top image/jpeg [07/Jun/2022:08:24:01 +0800] "GET https://www.wengmq.top/c/cms/temp/20220422/1650557594899_1125_510.jpg HTTP/1.1" 200 27519 - Dalvik/2.1.0+(Linux;+U;+Android+11;+RMX1901+Build/RKQ1.201217.002)
223.72.74.110 www.wengmq.top image/jpeg [07/Jun/2022:08:23:52 +0800] "GET https://www.wengmq.top/c/cms/temp/20220119/1642525751782_180_180.jpg HTTP/1.1" 200 5735 - DingDangShopAppStore/6.5.0+(iPhone;+iOS+15.5;+Scale/3.00)
223.104.41.86 www.wengmq.top image/jpeg [07/Jun/2022:08:23:52 +0800] "GET https://www.wengmq.top/c/cms/temp/20201214/1607941180062_120_120.jpg HTTP/1.1" 200 6251 - Dalvik/2.1.0+(Linux;+U;+Android+11;+21091116UC+Build/RP1A.200720.011)
223.104.44.55 www.wengmq.top image/jpeg [07/Jun/2022:08:23:52 +0800] "GET https://www.wengmq.top/c/cms/temp/20220602/1654162109137_1125_360.jpg HTTP/1.1" 200 147404 - DingDangShopAppStore/6.5.0+(iPhone;+iOS+15.2;+Scale/2.00)
223.104.41.86 www.wengmq.top image/jpeg [07/Jun/2022:08:23:51 +0800] "GET https://www.wengmq.top/c/cms/temp/20220602/1654162109137_1125_360.jpg HTTP/1.1" 200 147404 - Dalvik/2.1.0+(Linux;+U;+Android+11;+21091116UC+Build/RP1A.200720.011)
223.104.41.86 www.wengmq.top image/jpeg [07/Jun/2022:08:23:53 +0800] "GET https://www.wengmq.top/c/cms/temp/20200605/1591350473410_78_78.jpg HTTP/1.1" 200 10915 - Dalvik/2.1.0+(Linux;+U;+Android+11;+21091116UC+Build/RP1A.200720.011)
117.133.46.16 www.wengmq.top image/png [07/Jun/2022:08:23:53 +0800] "GET http://www.wengmq.top/c/user/photo/zu-9@2x.png HTTP/1.1" 200 42833 - Dalvik/2.1.0+(Linux;+U;+Android+10;+LIO-AN00+Build/HUAWEILIO-AN00)
183.195.81.146 www.wengmq.top image/jpeg [07/Jun/2022:08:23:58 +0800] "GET https://www.wengmq.top/c/cms/temp/20211130/1638252293854_225_225.jpg HTTP/1.1" 200 3687 - DingDangShopAppStore/6.1.1+(iPhone;+iOS+14.6;+Scale/3.00)
27.200.209.222 www.wengmq.top image/png [07/Jun/2022:08:24:00 +0800] "GET http://www.wengmq.top/c/user/photo/zu-9@2x.png HTTP/1.1" 200 42832 - Dalvik/2.1.0+(Linux;+U;+Android+10;+LIO-AL00+Build/HUAWEILIO-AL00)
223.104.41.86 www.wengmq.top image/png [07/Jun/2022:08:23:52 +0800] "GET https://www.wengmq.top/c/cms/appImg/gg.png HTTP/1.1" 200 3005 - Dalvik/2.1.0+(Linux;+U;+Android+11;+21091116UC+Build/RP1A.200720.011)
183.195.81.201 www.wengmq.top image/png [07/Jun/2022:08:23:57 +0800] "GET https://www.wengmq.top/c/wap/images/xcx/seo/1.png HTTP/1.1" 200 243872 https://servicewechat.com/ Mozilla/5.0+(iPhone;+CPU+iPhone+OS+15_1+like+Mac+OS+X)+AppleWebKit/605.1.15+(KHTML,+like+Gecko)+Mobile/15E148+MicroMessenger/8.0.23(0x18001725)+NetType/WIFI+Language/zh_CN
111.33.228.230 www.wengmq.top image/jpeg [07/Jun/2022:08:23:53 +0800] "GET https://www.wengmq.top/c/cms/temp/20220602/1654162109137_1125_360.jpg HTTP/1.1" 200 147404 - Dalvik/2.1.0+(Linux;+U;+Android+10;+ELS-AN00+Build/HUAWEIELS-AN00)
211.154.249.178 www.wengmq.top image/jpeg [07/Jun/2022:08:24:00 +0800] "GET https://www.wengmq.top/c/cms/temp/20220602/1654155236149_1125_360.jpg HTTP/1.1" 200 83394 - Dalvik/2.1.0+(Linux;+U;+Android+11;+RMX1901+Build/RKQ1.201217.002)
221.217.108.188 www.wengmq.top image/png [07/Jun/2022:08:23:56 +0800] "GET https://www.wengmq.top/c/cms/detail/product_car.png HTTP/1.1" 200 1724 - DingDangShopAppStore/6.5.0+(iPhone;+iOS+15.4.1;+Scale/3.00)
117.133.46.16 www.wengmq.top image/png [07/Jun/2022:08:23:53 +0800] "GET http://www.wengmq.top/c/user/photo/zu-8@2x.png HTTP/1.1" 200 41270 - Dalvik/2.1.0+(Linux;+U;+Android+10;+LIO-AN00+Build/HUAWEILIO-AN00)
120.245.22.187 www.wengmq.top image/jpeg [07/Jun/2022:08:23:51 +0800] "GET https://www.wengmq.top/c/cms/temp/20220602/1654138292142_1125_360.jpg HTTP/1.1" 200 146794 - Dalvik/2.1.0+(Linux;+U;+Android+9;+MHA-AL00+Build/HUAWEIMHA-AL00)
183.195.81.146 www.wengmq.top image/jpeg [07/Jun/2022:08:23:58 +0800] "GET https://www.wengmq.top/c/cms/temp/20220602/1654161057059_1125_360.jpg HTTP/1.1" 200 140494 - DingDangShopAppStore/6.1.1+(iPhone;+iOS+14.6;+Scale/3.00)
223.104.41.86 www.wengmq.top image/jpeg [07/Jun/2022:08:23:51 +0800] "GET https://www.wengmq.top/c/cms/temp/20210326/1616722771131_756_72.jpg HTTP/1.1" 200 5319 - Dalvik/2.1.0+(Linux;+U;+Android+11;+21091116UC+Build/RP1A.200720.011)
120.245.22.187 www.wengmq.top image/jpeg [07/Jun/2022:08:23:51 +0800] "GET https://www.wengmq.top/c/cms/temp/20220606/1654520113993_1125_360.jpg HTTP/1.1" 200 131169 - Dalvik/2.1.0+(Linux;+U;+Android+9;+MHA-AL00+Build/HUAWEIMHA-AL00)
223.104.41.86 www.wengmq.top image/jpeg [07/Jun/2022:08:23:52 +0800] "GET https://www.wengmq.top/c/cms/temp/20201214/1607939832590_120_120.jpg HTTP/1.1" 200 4848 - Dalvik/2.1.0+(Linux;+U;+Android+11;+21091116UC+Build/RP1A.200720.011)
36.112.182.75 www.wengmq.top image/jpeg [07/Jun/2022:08:23:58 +0800] "GET https://www.wengmq.top/c/cms/temp/20210827/1630054266417_200_200.jpg HTTP/1.1" 200 31156 - Dalvik/2.1.0+(Linux;+U;+Android+10;+DVC-AN20+Build/HUAWEIDVC-AN20)
223.104.44.55 www.wengmq.top image/jpeg [07/Jun/2022:08:23:53 +0800] "GET https://www.wengmq.top/c/cms/temp/20220605/1654397615322_1125_246.jpg HTTP/1.1" 200 74810 - DingDangShopAppStore/6.5.0+(iPhone;+iOS+15.2;+Scale/2.00)
1.203.67.218 www.wengmq.top image/png [07/Jun/2022:08:24:01 +0800] "GET https://www.wengmq.top/c/wap/images/xcx/list-icon-car1.png HTTP/1.1" 200 2338 https://m.ddky.com/ Mozilla/5.0+(iPhone;+CPU+iPhone+OS+15_5+like+Mac+OS+X)+AppleWebKit/605.1.15+(KHTML,+like+Gecko)+Mobile/15E148+IqiyiApp/iqiyi+IqiyiVersion/13.5.2++IqiyiPlatform/2_22_221+WebVersion/QYWebContainer+QYStyleModel/(light)
117.133.46.16 www.wengmq.top image/jpeg [07/Jun/2022:08:23:53 +0800] "GET http://www.wengmq.top/c/comment/21624101/d7e893f0-58be-473e-abad-d284f1001c51.jpg HTTP/1.1" 200 67561 - Dalvik/2.1.0+(Linux;+U;+Android+10;+LIO-AN00+Build/HUAWEILIO-AN00)
223.104.41.49 www.wengmq.top image/png [07/Jun/2022:08:23:53 +0800] "GET https://www.wengmq.top/c/cms/appImg/yaoshizhidao5.png HTTP/1.1" 200 89903 - Dalvik/2.1.0+(Linux;+U;+Android+10;+JER-AN20+Build/HUAWEIJER-AN20)
120.245.22.187 www.wengmq.top image/jpeg [07/Jun/2022:08:23:51 +0800] "GET https://www.wengmq.top/c/cms/temp/20220602/1654138314604_1125_360.jpg HTTP/1.1" 200 138407 - Dalvik/2.1.0+(Linux;+U;+Android+9;+MHA-AL00+Build/HUAWEIMHA-AL00)
223.71.60.10 www.wengmq.top image/jpeg [07/Jun/2022:08:23:55 +0800] "GET https://www.wengmq.top/c/cms/temp/20191029/1572325784305_78_78.jpg HTTP/1.1" 200 4395 - DingDangShopAppStore/6.17+CFNetwork/1331.0.7+Darwin/21.4.0
120.244.158.254 www.wengmq.top image/png [07/Jun/2022:08:23:53 +0800] "GET https://www.wengmq.top/c/wap/images/xcx/wx/shop_icon_self.png HTTP/1.1" 200 1704 https://servicewechat.com/wxc2edadc87077fa2a/155/page-frame.html Mozilla/5.0+(Linux;+Android+12;+V2136A+Build/SP1A.210812.003;+wv)+AppleWebKit/537.36+(KHTML,+like+Gecko)+Version/4.0+Chrome/86.0.4240.99+XWEB/3225+MMWEBSDK/20220402+Mobile+Safari/537.36+MMWEBID/4509+MicroMessenger/8.0.22.2140(0x280016E6)+WeChat/arm64+Weixin+NetType/WIFI+Language/zh_CN+ABI/arm64+MiniProgramEnv/android
223.104.41.86 www.wengmq.top image/jpeg [07/Jun/2022:08:23:53 +0800] "GET https://www.wengmq.top/c/cms/temp/20220605/1654397615322_1125_246.jpg HTTP/1.1" 200 74810 - Dalvik/2.1.0+(Linux;+U;+Android+11;+21091116UC+Build/RP1A.200720.011)
183.195.81.146 www.wengmq.top image/jpeg [07/Jun/2022:08:23:57 +0800] "GET https://www.wengmq.top/c/cms/temp/20201214/1607941286161_120_120.jpg HTTP/1.1" 200 5814 - DingDangShopAppStore/6.1.1+(iPhone;+iOS+14.6;+Scale/3.00)
183.195.13.241 www.wengmq.top image/jpeg [07/Jun/2022:08:23:58 +0800] "GET https://www.wengmq.top/c/cms/temp/20191029/1572325761562_78_78.jpg HTTP/1.1" 200 3040 - DingDangShopAppStore/6.17+CFNetwork/1240.0.4+Darwin/20.6.0
223.104.41.86 www.wengmq.top image/jpeg [07/Jun/2022:08:23:52 +0800] "GET https://www.wengmq.top/c/cms/temp/20210120/1611132721420_120_120.jpg HTTP/1.1" 200 15188 - Dalvik/2.1.0+(Linux;+U;+Android+11;+21091116UC+Build/RP1A.200720.011)
117.133.46.16 www.wengmq.top image/png [07/Jun/2022:08:23:53 +0800] "GET http://www.wengmq.top/c/user/photo/zu-17@2x.png HTTP/1.1" 200 19238 - Dalvik/2.1.0+(Linux;+U;+Android+10;+LIO-AN00+Build/HUAWEILIO-AN00)
223.104.41.86 www.wengmq.top image/jpeg [07/Jun/2022:08:23:53 +0800] "GET https://www.wengmq.top/c/cms/temp/20211130/1638252293854_225_225.jpg HTTP/1.1" 200 3692 - Dalvik/2.1.0+(Linux;+U;+Android+11;+21091116UC+Build/RP1A.200720.011)
1.203.67.218 www.wengmq.top image/png [07/Jun/2022:08:24:00 +0800] "GET https://www.wengmq.top/c/wap/images/ddky2/search_icon_fff.png HTTP/1.1" 200 1303 https://m.ddky.com/ Mozilla/5.0+(iPhone;+CPU+iPhone+OS+15_5+like+Mac+OS+X)+AppleWebKit/605.1.15+(KHTML,+like+Gecko)+Mobile/15E148+IqiyiApp/iqiyi+IqiyiVersion/13.5.2++IqiyiPlatform/2_22_221+WebVersion/QYWebContainer+QYStyleModel/(light)
183.195.81.146 www.wengmq.top image/jpeg [07/Jun/2022:08:23:57 +0800] "GET https://www.wengmq.top/c/cms/temp/20220128/1643334358138_225_225.jpg HTTP/1.1" 200 4813 - DingDangShopAppStore/6.1.1+(iPhone;+iOS+14.6;+Scale/3.00)
183.195.81.146 www.wengmq.top image/jpeg [07/Jun/2022:08:23:57 +0800] "GET https://www.wengmq.top/c/cms/temp/20201214/1607941592827_120_120.jpg HTTP/1.1" 200 5500 - DingDangShopAppStore/6.1.1+(iPhone;+iOS+14.6;+Scale/3.00)
